// Vitest Snapshot v1, https://vitest.dev/guide/snapshot.html

exports[`Todos page > mounts without error 1`] = `
"<div>
  <h1>Create TODO Item</h1>
  <form><input type=\\"hidden\\">
    <div class=\\"mb-3\\"><label for=\\"exampleFormControlInput1\\" class=\\"form-label\\"> Enter title </label><input type=\\"text\\" class=\\"form-control\\"></div>
    <div class=\\"form-check my-3\\"><label class=\\"form-check-label\\"><input class=\\"form-check-input\\" type=\\"checkbox\\"> Completed </label></div>
    <div class=\\"mt-4\\"><button type=\\"button\\" class=\\"btn btn-outline-primary me-4\\"> Cancel </button><button type=\\"submit\\" class=\\"btn btn-primary me-4\\"> Save </button>
      <!--v-if-->
    </div>
  </form>
</div>"
`;
